[    0.000000] Linux version 4.15.0-162-generic (buildd@lcy01-amd64-007) (gcc version 7.5.0 (Ubuntu 7.5.0-3ubuntu1~18.04)) #170-Ubuntu SMP Mon Oct 18 11:38:05 UTC 2021 (Ubuntu 4.15.0-162.170-generic 4.15.18)
[    0.000000] Command line: BOOT_IMAGE=/boot/vmlinuz-4.15.0-162-generic root=LABEL=cloudimg-rootfs ro console=tty1 console=ttyS0
[    0.000000] KERNEL supported cpus:
[    0.000000]   Intel GenuineIntel
[    0.000000]   AMD AuthenticAMD
[    0.000000]   Centaur CentaurHauls
[    0.000000] [Firmware Bug]: TSC doesn't count with P0 frequency!
[    0.000000] random: get_random_u32 called from bsp_init_amd+0x207/0x2c0 with crng_init=0
[    0.000000] x86/fpu: Supporting XSAVE feature 0x001: 'x87 floating point registers'
[    0.000000] x86/fpu: Supporting XSAVE feature 0x002: 'SSE registers'
[    0.000000] x86/fpu: Supporting XSAVE feature 0x004: 'AVX registers'
[    0.000000] x86/fpu: xstate_offset[2]:  576, xstate_sizes[2]:  256
[    0.000000] x86/fpu: Enabled xstate features 0x7, context size is 832 bytes, using 'standard' format.
[    0.000000] e820: BIOS-provided physical RAM map:
[    0.000000] BIOS-e820: [mem 0x0000000000000000-0x000000000009fbff] usable
[    0.000000] BIOS-e820: [mem 0x000000000009fc00-0x000000000009ffff] reserved
[    0.000000] BIOS-e820: [mem 0x00000000000f0000-0x00000000000fffff] reserved
[    0.000000] BIOS-e820: [mem 0x0000000000100000-0x000000003ffeffff] usable
[    0.000000] BIOS-e820: [mem 0x000000003fff0000-0x000000003fffffff] ACPI data
[    0.000000] BIOS-e820: [mem 0x00000000fec00000-0x00000000fec00fff] reserved
[    0.000000] BIOS-e820: [mem 0x00000000fee00000-0x00000000fee00fff] reserved
[    0.000000] BIOS-e820: [mem 0x00000000fffc0000-0x00000000ffffffff] reserved
[    0.000000] NX (Execute Disable) protection: active
[    0.000000] SMBIOS 2.5 present.
[    0.000000] DMI: innotek GmbH VirtualBox/VirtualBox, BIOS VirtualBox 12/01/2006
[    0.000000] Hypervisor detected: KVM
[    0.000000] AGP: No AGP bridge found
[    0.000000] e820: last_pfn = 0x3fff0 max_arch_pfn = 0x400000000
[    0.000000] MTRR: Disabled
[    0.000000] x86/PAT: MTRRs disabled, skipping PAT initialization too.
[    0.000000] CPU MTRRs all blank - virtualized system.
[    0.000000] x86/PAT: Configuration [0-7]: WB  WT  UC- UC  WB  WT  UC- UC  
[    0.000000] found SMP MP-table at [mem 0x0009fff0-0x0009ffff]
[    0.000000] Scanning 1 areas for low memory corruption
[    0.000000] RAMDISK: [mem 0x359cd000-0x36cddfff]
[    0.000000] ACPI: Early table checksum verification disabled
[    0.000000] ACPI: RSDP 0x00000000000E0000 000024 (v02 VBOX  )
[    0.000000] ACPI: XSDT 0x000000003FFF0030 00003C (v01 VBOX   VBOXXSDT 00000001 ASL  00000061)
[    0.000000] ACPI: FACP 0x000000003FFF00F0 0000F4 (v04 VBOX   VBOXFACP 00000001 ASL  00000061)
[    0.000000] ACPI: DSDT 0x000000003FFF0470 002325 (v02 VBOX   VBOXBIOS 00000002 INTL 20190509)
[    0.000000] ACPI: FACS 0x000000003FFF0200 000040
[    0.000000] ACPI: FACS 0x000000003FFF0200 000040
[    0.000000] ACPI: APIC 0x000000003FFF0240 00005C (v02 VBOX   VBOXAPIC 00000001 ASL  00000061)
[    0.000000] ACPI: SSDT 0x000000003FFF02A0 0001CC (v01 VBOX   VBOXCPUT 00000002 INTL 20190509)
[    0.000000] ACPI: Reserving FACP table memory at [mem 0x3fff00f0-0x3fff01e3]
[    0.000000] ACPI: Reserving DSDT table memory at [mem 0x3fff0470-0x3fff2794]
[    0.000000] ACPI: Reserving FACS table memory at [mem 0x3fff0200-0x3fff023f]
[    0.000000] ACPI: Reserving FACS table memory at [mem 0x3fff0200-0x3fff023f]
[    0.000000] ACPI: Reserving APIC table memory at [mem 0x3fff0240-0x3fff029b]
[    0.000000] ACPI: Reserving SSDT table memory at [mem 0x3fff02a0-0x3fff046b]
[    0.000000] No NUMA configuration found
[    0.000000] Faking a node at [mem 0x0000000000000000-0x000000003ffeffff]
[    0.000000] NODE_DATA(0) allocated [mem 0x3ffc5000-0x3ffeffff]
[    0.000000] kvm-clock: cpu 0, msr 0:3ff44001, primary cpu clock
[    0.000000] kvm-clock: Using msrs 4b564d01 and 4b564d00
[    0.000000] kvm-clock: using sched offset of 3686747920 cycles
[    0.000000] clocksource: kvm-clock: mask: 0xffffffffffffffff max_cycles: 0x1cd42e4dffb, max_idle_ns: 881590591483 ns
[    0.000000] Zone ranges:
[    0.000000]   DMA      [mem 0x0000000000001000-0x0000000000ffffff]
[    0.000000]   DMA32    [mem 0x0000000001000000-0x000000003ffeffff]
[    0.000000]   Normal   empty
[    0.000000]   Device   empty
[    0.000000] Movable zone start for each node
[    0.000000] Early memory node ranges
[    0.000000]   node   0: [mem 0x0000000000001000-0x000000000009efff]
[    0.000000]   node   0: [mem 0x0000000000100000-0x000000003ffeffff]
[    0.000000] Reserved but unavailable: 104 pages
[    0.000000] Initmem setup node 0 [mem 0x0000000000001000-0x000000003ffeffff]
[    0.000000] ACPI: PM-Timer IO Port: 0x4008
[    0.000000] IOAPIC[0]: apic_id 2, version 32, address 0xfec00000, GSI 0-23
[    0.000000] ACPI: INT_SRC_OVR (bus 0 bus_irq 0 global_irq 2 dfl dfl)
[    0.000000] ACPI: INT_SRC_OVR (bus 0 bus_irq 9 global_irq 9 low level)
[    0.000000] Using ACPI (MADT) for SMP configuration information
[    0.000000] smpboot: Allowing 2 CPUs, 0 hotplug CPUs
[    0.000000] PM: Registered nosave memory: [mem 0x00000000-0x00000fff]
[    0.000000] PM: Registered nosave memory: [mem 0x0009f000-0x0009ffff]
[    0.000000] PM: Registered nosave memory: [mem 0x000a0000-0x000effff]
[    0.000000] PM: Registered nosave memory: [mem 0x000f0000-0x000fffff]
[    0.000000] e820: [mem 0x40000000-0xfebfffff] available for PCI devices
[    0.000000] Booting paravirtualized kernel on KVM
[    0.000000] clocksource: refined-jiffies: mask: 0xffffffff max_cycles: 0xffffffff, max_idle_ns: 7645519600211568 ns
[    0.000000] setup_percpu: NR_CPUS:8192 nr_cpumask_bits:2 nr_cpu_ids:2 nr_node_ids:1
[    0.000000] percpu: Embedded 45 pages/cpu s147456 r8192 d28672 u1048576
[    0.000000] PV qspinlock hash table entries: 256 (order: 0, 4096 bytes)
[    0.000000] Built 1 zonelists, mobility grouping on.  Total pages: 257913
[    0.000000] Policy zone: DMA32
[    0.000000] Kernel command line: BOOT_IMAGE=/boot/vmlinuz-4.15.0-162-generic root=LABEL=cloudimg-rootfs ro console=tty1 console=ttyS0
[    0.000000] AGP: Checking aperture...
[    0.000000] AGP: No AGP bridge found
[    0.000000] Memory: 982712K/1048120K available (12300K kernel code, 2483K rwdata, 4320K rodata, 2448K init, 2724K bss, 65408K reserved, 0K cma-reserved)
[    0.000000] SLUB: HWalign=64, Order=0-3, MinObjects=0, CPUs=2, Nodes=1
[    0.000000] ftrace: allocating 39475 entries in 155 pages
[    0.004000] Hierarchical RCU implementation.
[    0.004000] 	RCU restricting CPUs from NR_CPUS=8192 to nr_cpu_ids=2.
[    0.004000] 	Tasks RCU enabled.
[    0.004000] RCU: Adjusting geometry for rcu_fanout_leaf=16, nr_cpu_ids=2
[    0.004000] NR_IRQS: 524544, nr_irqs: 440, preallocated irqs: 16
[    0.004000] Console: colour VGA+ 80x25
[    0.004000] console [tty1] enabled
[    0.004000] console [ttyS0] enabled
[    0.004000] ACPI: Core revision 20170831
[    0.004000] ACPI: 2 ACPI AML tables successfully acquired and loaded
[    0.004000] APIC: Switch to symmetric I/O mode setup
[    0.004000] x2apic enabled
[    0.004000] Switched APIC routing to physical x2apic.
[    0.004000] ..TIMER: vector=0x30 apic1=0 pin1=2 apic2=-1 pin2=-1
[    0.004000] tsc: Detected 3515.712 MHz processor
[    0.004000] Calibrating delay loop (skipped) preset value.. 7031.42 BogoMIPS (lpj=14062848)
[    0.004000] pid_max: default: 32768 minimum: 301
[    0.004000] Security Framework initialized
[    0.004000] Yama: becoming mindful.
[    0.004000] AppArmor: AppArmor initialized
[    0.005751] Dentry cache hash table entries: 131072 (order: 8, 1048576 bytes)
[    0.008132] Inode-cache hash table entries: 65536 (order: 7, 524288 bytes)
[    0.009235] Mount-cache hash table entries: 2048 (order: 2, 16384 bytes)
[    0.010332] Mountpoint-cache hash table entries: 2048 (order: 2, 16384 bytes)
[    0.012287] Last level iTLB entries: 4KB 512, 2MB 1024, 4MB 512
[    0.013436] Last level dTLB entries: 4KB 1024, 2MB 1024, 4MB 512, 1GB 0
[    0.016004] Spectre V1 : Mitigation: usercopy/swapgs barriers and __user pointer sanitization
[    0.017659] Spectre V2 : Spectre mitigation: LFENCE not serializing, switching to generic retpoline
[    0.020002] Spectre V2 : Mitigation: Full generic retpoline
[    0.021085] Spectre V2 : Spectre v2 / SpectreRSB mitigation: Filling RSB on context switch
[    0.022650] Speculative Store Bypass: Mitigation: Speculative Store Bypass disabled via prctl and seccomp
[    0.024223] Freeing SMP alternatives memory: 36K
[    0.137069] smpboot: CPU0: AMD FX(tm)-6300 Six-Core Processor (family: 0x15, model: 0x2, stepping: 0x0)
[    0.139289] Performance Events: PMU not available due to virtualization, using software events only.
[    0.140055] Hierarchical SRCU implementation.
[    0.141710] NMI watchdog: Perf event create on CPU 0 failed with -2
[    0.143160] NMI watchdog: Perf NMI watchdog permanently disabled
[    0.144066] smp: Bringing up secondary CPUs ...
[    0.144995] x86: Booting SMP configuration:
[    0.145693] .... node  #0, CPUs:      #1
[    0.004000] kvm-clock: cpu 1, msr 0:3ff44041, secondary cpu clock
[    0.150724] smp: Brought up 1 node, 2 CPUs
[    0.150724] smpboot: Max logical packages: 1
[    0.152007] smpboot: Total of 2 processors activated (14062.84 BogoMIPS)
[    0.153397] devtmpfs: initialized
[    0.153397] x86/mm: Memory block size: 128MB
[    0.153591] evm: security.selinux
[    0.154629] evm: security.SMACK64
[    0.155611] evm: security.SMACK64EXEC
[    0.160004] evm: security.SMACK64TRANSMUTE
[    0.161185] evm: security.SMACK64MMAP
[    0.162271] evm: security.apparmor
[    0.162271] evm: security.ima
[    0.162271] evm: security.capability
[    0.164147] clocksource: jiffies: mask: 0xffffffff max_cycles: 0xffffffff, max_idle_ns: 7645041785100000 ns
[    0.164147] futex hash table entries: 512 (order: 3, 32768 bytes)
[    0.166302] pinctrl core: initialized pinctrl subsystem
[    0.168027] RTC time:  4:47:53, date: 01/04/22
[    0.169263] NET: Registered protocol family 16
[    0.170297] audit: initializing netlink subsys (disabled)
[    0.172088] audit: type=2000 audit(1641271677.734:1): state=initialized audit_enabled=0 res=1
[    0.172502] cpuidle: using governor ladder
[    0.176089] cpuidle: using governor menu
[    0.177919] ACPI: bus type PCI registered
[    0.180022] acpiphp: ACPI Hot Plug PCI Controller Driver version: 0.5
[    0.182158] PCI: Using configuration type 1 for base access
[    0.184004] PCI: Using configuration type 1 for extended access
[    0.185444] HugeTLB registered 2.00 MiB page size, pre-allocated 0 pages
[    0.188086] ACPI: Added _OSI(Module Device)
[    0.188916] ACPI: Added _OSI(Processor Device)
[    0.189831] ACPI: Added _OSI(3.0 _SCP Extensions)
[    0.190686] ACPI: Added _OSI(Processor Aggregator Device)
[    0.192004] ACPI: Added _OSI(Linux-Dell-Video)
[    0.192905] ACPI: Added _OSI(Linux-Lenovo-NV-HDMI-Audio)
[    0.193922] ACPI: Added _OSI(Linux-HPI-Hybrid-Graphics)
[    0.195124] ACPI: Executed 1 blocks of module-level executable AML code
[    0.201862] ACPI: Interpreter enabled
[    0.202883] ACPI: (supports S0 S5)
[    0.203804] ACPI: Using IOAPIC for interrupt routing
[    0.204264] PCI: Using host bridge windows from ACPI; if necessary, use "pci=nocrs" and report a bug
[    0.206035] ACPI: Enabled 2 GPEs in block 00 to 07
[    0.214737] ACPI: PCI Root Bridge [PCI0] (domain 0000 [bus 00-ff])
[    0.216011] acpi PNP0A03:00: _OSC: OS supports [ExtendedConfig ASPM ClockPM Segments MSI]
[    0.219318] acpi PNP0A03:00: _OSC: platform does not support [PCIeCapability]
[    0.220797] acpi PNP0A03:00: _OSC: not requesting control; platform does not support [PCIeCapability]
[    0.224007] acpi PNP0A03:00: _OSC: OS requested [PCIeHotplug PME AER PCIeCapability]
[    0.226038] acpi PNP0A03:00: _OSC: platform willing to grant [PCIeHotplug PME AER]
[    0.228006] acpi PNP0A03:00: _OSC failed (AE_SUPPORT); disabling ASPM
[    0.229803] PCI host bridge to bus 0000:00
[    0.230700] pci_bus 0000:00: root bus resource [io  0x0000-0x0cf7 window]
[    0.232007] pci_bus 0000:00: root bus resource [io  0x0d00-0xffff window]
[    0.233859] pci_bus 0000:00: root bus resource [mem 0x000a0000-0x000bffff window]
[    0.235795] pci_bus 0000:00: root bus resource [mem 0x40000000-0xfdffffff window]
[    0.236006] pci_bus 0000:00: root bus resource [bus 00-ff]
[    0.240796] pci 0000:00:01.1: legacy IDE quirk: reg 0x10: [io  0x01f0-0x01f7]
[    0.242717] pci 0000:00:01.1: legacy IDE quirk: reg 0x14: [io  0x03f6]
[    0.244005] pci 0000:00:01.1: legacy IDE quirk: reg 0x18: [io  0x0170-0x0177]
[    0.245961] pci 0000:00:01.1: legacy IDE quirk: reg 0x1c: [io  0x0376]
[    0.270521] pci 0000:00:07.0: quirk: [io  0x4000-0x403f] claimed by PIIX4 ACPI
[    0.272029] pci 0000:00:07.0: quirk: [io  0x4100-0x410f] claimed by PIIX4 SMB
[    0.291353] ACPI: PCI Interrupt Link [LNKA] (IRQs 5 9 10 *11)
[    0.292443] ACPI: PCI Interrupt Link [LNKB] (IRQs 5 9 *10 11)
[    0.293783] ACPI: PCI Interrupt Link [LNKC] (IRQs 5 *9 10 11)
[    0.296147] ACPI: PCI Interrupt Link [LNKD] (IRQs 5 9 10 *11)
[    0.298009] SCSI subsystem initialized
[    0.298993] pci 0000:00:02.0: vgaarb: setting as boot VGA device
[    0.298993] pci 0000:00:02.0: vgaarb: VGA device added: decodes=io+mem,owns=io+mem,locks=none
[    0.298993] pci 0000:00:02.0: vgaarb: bridge control possible
[    0.298993] vgaarb: loaded
[    0.298993] ACPI: bus type USB registered
[    0.300032] usbcore: registered new interface driver usbfs
[    0.301483] usbcore: registered new interface driver hub
[    0.303001] usbcore: registered new device driver usb
[    0.308059] EDAC MC: Ver: 3.0.0
[    0.309098] PCI: Using ACPI for IRQ routing
[    0.309375] NetLabel: Initializing
[    0.312004] NetLabel:  domain hash size = 128
[    0.312912] NetLabel:  protocols = UNLABELED CIPSOv4 CALIPSO
[    0.314064] NetLabel:  unlabeled traffic allowed by default
[    0.316118] clocksource: Switched to clocksource kvm-clock
[    0.340006] VFS: Disk quotas dquot_6.6.0
[    0.341220] VFS: Dquot-cache hash table entries: 512 (order 0, 4096 bytes)
[    0.342816] AppArmor: AppArmor Filesystem Enabled
[    0.343988] pnp: PnP ACPI init
[    0.345896] pnp: PnP ACPI: found 3 devices
[    0.358517] clocksource: acpi_pm: mask: 0xffffff max_cycles: 0xffffff, max_idle_ns: 2085701024 ns
[    0.360104] NET: Registered protocol family 2
[    0.360104] IP idents hash table entries: 16384 (order: 5, 131072 bytes)
[    0.363918] TCP established hash table entries: 8192 (order: 4, 65536 bytes)
[    0.365796] TCP bind hash table entries: 8192 (order: 5, 131072 bytes)
[    0.367146] TCP: Hash tables configured (established 8192 bind 8192)
[    0.368407] UDP hash table entries: 512 (order: 2, 16384 bytes)
[    0.369570] UDP-Lite hash table entries: 512 (order: 2, 16384 bytes)
[    0.370826] NET: Registered protocol family 1
[    0.371720] pci 0000:00:00.0: Limiting direct PCI/PCI transfers
[    0.372936] pci 0000:00:01.0: Activating ISA DMA hang workarounds
[    0.374181] pci 0000:00:02.0: Video device with shadowed ROM at [mem 0x000c0000-0x000dffff]
[    0.376195] Unpacking initramfs...
[    0.708083] Freeing initrd memory: 19524K
[    0.710441] clocksource: tsc: mask: 0xffffffffffffffff max_cycles: 0x32ad4b6c386, max_idle_ns: 440795291887 ns
[    0.713299] platform rtc_cmos: registered platform RTC device (no PNP device found)
[    0.715648] Scanning for low memory corruption every 60 seconds
[    0.718613] Initialise system trusted keyrings
[    0.719588] Key type blacklist registered
[    0.720432] workingset: timestamp_bits=36 max_order=18 bucket_order=0
[    0.722998] zbud: loaded
[    0.724221] squashfs: version 4.0 (2009/01/31) Phillip Lougher
[    0.725876] fuse init (API version 7.26)
[    0.731669] Key type asymmetric registered
[    0.733319] Asymmetric key parser 'x509' registered
[    0.735238] Block layer SCSI generic (bsg) driver version 0.4 loaded (major 246)
[    0.738104] io scheduler noop registered
[    0.739262] io scheduler deadline registered
[    0.740592] io scheduler cfq registered (default)
[    0.742531] ACPI: AC Adapter [AC] (on-line)
[    0.743731] input: Power Button as /devices/LNXSYSTM:00/LNXPWRBN:00/input/input0
[    0.745687] ACPI: Power Button [PWRF]
[    0.746678] input: Sleep Button as /devices/LNXSYSTM:00/LNXSLPBN:00/input/input1
[    0.748524] ACPI: Sleep Button [SLPF]
[    0.750311] Serial: 8250/16550 driver, 32 ports, IRQ sharing enabled
[    0.773882] 00:02: ttyS0 at I/O 0x3f8 (irq = 4, base_baud = 115200) is a 16550A
[    0.781608] Linux agpgart interface v0.103
[    0.786175] loop: module loaded
[    0.788346] scsi host0: ata_piix
[    0.789984] scsi host1: ata_piix
[    0.791086] ata1: PATA max UDMA/33 cmd 0x1f0 ctl 0x3f6 bmdma 0xd000 irq 14
[    0.792861] ata2: PATA max UDMA/33 cmd 0x170 ctl 0x376 bmdma 0xd008 irq 15
[    0.794973] libphy: Fixed MDIO Bus: probed
[    0.796028] tun: Universal TUN/TAP device driver, 1.6
[    0.797330] PPP generic driver version 2.4.2
[    0.803269] ehci_hcd: USB 2.0 'Enhanced' Host Controller (EHCI) Driver
[    0.808956] ehci-pci: EHCI PCI platform driver
[    0.810660] ehci-platform: EHCI generic platform driver
[    0.812766] ohci_hcd: USB 1.1 'Open' Host Controller (OHCI) Driver
[    0.815100] ohci-pci: OHCI PCI platform driver
[    0.816707] ohci-platform: OHCI generic platform driver
[    0.818515] uhci_hcd: USB Universal Host Controller Interface driver
[    0.820273] i8042: PNP: PS/2 Controller [PNP0303:PS2K,PNP0f03:PS2M] at 0x60,0x64 irq 1,12
[    0.823372] serio: i8042 KBD port at 0x60,0x64 irq 1
[    0.825114] serio: i8042 AUX port at 0x60,0x64 irq 12
[    0.827139] mousedev: PS/2 mouse device common for all mice
[    0.829525] input: AT Translated Set 2 keyboard as /devices/platform/i8042/serio0/input/input2
[    0.832756] rtc_cmos rtc_cmos: rtc core: registered rtc_cmos as rtc0
[    0.834916] rtc_cmos rtc_cmos: alarms up to one day, 114 bytes nvram
[    0.836252] i2c /dev entries driver
[    0.837285] device-mapper: uevent: version 1.0.3
[    0.839161] device-mapper: ioctl: 4.37.0-ioctl (2017-09-20) initialised: dm-devel@redhat.com
[    0.841695] ledtrig-cpu: registered to indicate activity on CPUs
[    0.845482] x86/pm: family 0x15 cpu detected, MSR saving is needed during suspending.
[    0.847849] NET: Registered protocol family 10
[    0.856157] Segment Routing with IPv6
[    0.857505] NET: Registered protocol family 17
[    0.859334] Key type dns_resolver registered
[    0.861055] mce: Using 0 MCE banks
[    0.862378] RAS: Correctable Errors collector initialized.
[    0.864393] sched_clock: Marking stable (861011740, 0)->(1070434435, -209422695)
[    0.867684] registered taskstats version 1
[    0.868721] Loading compiled-in X.509 certificates
[    0.873481] Loaded X.509 cert 'Build time autogenerated kernel key: ebed311aedd59d9a851620769f4a146e4e1d43c6'
[    0.876637] Loaded X.509 cert 'Canonical Ltd. Live Patch Signing: 14df34d1a87cf37625abec039ef2bf521249b969'
[    0.880466] Loaded X.509 cert 'Canonical Ltd. Kernel Module Signing: 88f752e560a1e0737e31163a466ad7b70a850c19'
[    0.883505] zswap: loaded using pool lzo/zbud
[    0.889787] Key type big_key registered
[    0.890577] Key type trusted registered
[    0.895036] Key type encrypted registered
[    0.896139] AppArmor: AppArmor sha1 policy hashing enabled
[    0.897698] ima: No TPM chip found, activating TPM-bypass! (rc=-19)
[    0.899441] ima: Allocated hash algorithm: sha1
[    0.900819] evm: HMAC attrs: 0x1
[    0.902072]   Magic number: 6:924:766
[    0.903250] rtc_cmos rtc_cmos: setting system clock to 2022-01-04 04:47:53 UTC (1641271673)
[    0.905545] BIOS EDD facility v0.16 2004-Jun-25, 0 devices found
[    0.907396] EDD information not available.
[    0.982037] Freeing unused kernel image memory: 2448K
[    0.992063] Write protecting the kernel read-only data: 20480k
[    0.995785] Freeing unused kernel image memory: 2008K
[    0.998657] Freeing unused kernel image memory: 1824K
[    1.013197] x86/mm: Checked W+X mappings: passed, no W+X pages found.
Loading, please wait...
starting version 237
[    1.113732] e1000: Intel(R) PRO/1000 Network Driver - version 7.3.21-k8-NAPI
[    1.115376] e1000: Copyright (c) 1999-2006 Intel Corporation.
[    1.119590] Fusion MPT base driver 3.04.20
[    1.120881] Copyright (c) 1999-2008 LSI Corporation
[    1.131571] Fusion MPT SPI Host driver 3.04.20
[    1.139540] AVX version of gcm_enc/dec engaged.
[    1.140537] AES CTR mode by8 optimization enabled
[    1.355027] input: ImExPS/2 Generic Explorer Mouse as /devices/platform/i8042/serio1/input/input4
[    1.739574] e1000 0000:00:03.0 eth0: (PCI:33MHz:32-bit) 02:75:2e:1a:60:96
[    1.740975] e1000 0000:00:03.0 eth0: Intel(R) PRO/1000 Network Connection
[    2.119994] e1000 0000:00:08.0 eth1: (PCI:33MHz:32-bit) 08:00:27:52:90:e5
[    2.121848] e1000 0000:00:08.0 eth1: Intel(R) PRO/1000 Network Connection
[    2.125777] e1000 0000:00:03.0 enp0s3: renamed from eth0
[    2.128096] mptbase: ioc0: Initiating bringup
[    2.140663] e1000 0000:00:08.0 enp0s8: renamed from eth1
[    3.015502] ioc0: LSI53C1030 A0: Capabilities={Initiator}
[    3.471739] scsi host2: ioc0: LSI53C1030 A0, FwRev=00000000h, Ports=1, MaxQ=256, IRQ=20
[    4.224601] scsi 2:0:0:0: Direct-Access     VBOX     HARDDISK         1.0  PQ: 0 ANSI: 5
[    4.260136] scsi target2:0:0: Beginning Domain Validation
[    4.264652] scsi target2:0:0: Domain Validation skipping write tests
[    4.266788] scsi target2:0:0: Ending Domain Validation
[    4.270456] scsi target2:0:0: asynchronous
[    4.272014] scsi 2:0:1:0: Direct-Access     VBOX     HARDDISK         1.0  PQ: 0 ANSI: 5
[    4.936438] scsi target2:0:1: Beginning Domain Validation
[    4.941450] random: fast init done
[    4.943535] scsi target2:0:1: Domain Validation skipping write tests
[    4.945239] scsi target2:0:1: Ending Domain Validation
[    4.946594] scsi target2:0:1: asynchronous
[    4.952507] random: systemd-udevd: uninitialized urandom read (16 bytes read)
[    4.955180] random: systemd-udevd: uninitialized urandom read (16 bytes read)
[    4.957870] random: systemd-udevd: uninitialized urandom read (16 bytes read)
[    4.957894] sd 2:0:0:0: Attached scsi generic sg0 type 0
[    4.961444] sd 2:0:0:0: [sda] 83886080 512-byte logical blocks: (42.9 GB/40.0 GiB)
[    4.961702] sd 2:0:1:0: [sdb] 20480 512-byte logical blocks: (10.5 MB/10.0 MiB)
[    4.964114] sd 2:0:1:0: Attached scsi generic sg1 type 0
[    4.966035] sd 2:0:0:0: [sda] Write Protect is off
[    4.967424] sd 2:0:1:0: [sdb] Write Protect is off
[    4.970023] sd 2:0:0:0: [sda] Incomplete mode parameter data
[    4.971351] sd 2:0:0:0: [sda] Assuming drive cache: write through
[    4.971379] sd 2:0:1:0: [sdb] Incomplete mode parameter data
[    4.973934]  sda: sda1
[    4.974354] sd 2:0:1:0: [sdb] Assuming drive cache: write through
[    4.975529] sd 2:0:0:0: [sda] Attached SCSI disk
[    4.980137] sd 2:0:1:0: [sdb] Attached SCSI disk
Begin: Loading essential drivers ... [    6.596094] raid6: sse2x1   gen()  5381 MB/s
[    6.644041] raid6: sse2x1   xor()  3668 MB/s
[    6.692045] raid6: sse2x2   gen()  8375 MB/s
[    6.740077] raid6: sse2x2   xor()  6363 MB/s
[    6.788062] raid6: sse2x4   gen() 10787 MB/s
[    6.836139] raid6: sse2x4   xor()  5345 MB/s
[    6.837395] raid6: using algorithm sse2x4 gen() 10787 MB/s
[    6.838715] raid6: .... xor() 5345 MB/s, rmw enabled
[    6.839962] raid6: using ssse3x2 recovery algorithm
[    6.844918] xor: automatically using best checksumming function   avx       
[    6.848824] async_tx: api initialized (async)
done.
Begin: Running /scripts/init-premount ... done.
Begin: Mounting root file system ... Begin: Running /scripts/local-top ... done.
Begin: Running /scripts/local-premount ... [    6.919101] Btrfs loaded, crc32c=crc32c-intel
Scanning for Btrfs filesystems
done.
Warning: fsck not present, so skipping root file system
[    6.966187] EXT4-fs (sda1): mounted filesystem with ordered data mode. Opts: (null)
done.
Begin: Running /scripts/local-bottom ... done.
Begin: Running /scripts/init-bottom ... done.
[    7.226151] ip_tables: (C) 2000-2006 Netfilter Core Team
[    7.239420] systemd[1]: systemd 237 running in system mode. (+PAM +AUDIT +SELINUX +IMA +APPARMOR +SMACK +SYSVINIT +UTMP +LIBCRYPTSETUP +GCRYPT +GNUTLS +ACL +XZ +LZ4 +SECCOMP +BLKID +ELFUTILS +KMOD -IDN2 +IDN -PCRE2 default-hierarchy=hybrid)
[    7.246021] systemd[1]: Detected virtualization oracle.
[    7.247546] systemd[1]: Detected architecture x86-64.

Welcome to [1mUbuntu 18.04.6 LTS[0m!

[    7.258389] systemd[1]: Set hostname to <ubuntu>.
[    7.267277] systemd[1]: Initializing machine ID from random generator.
[    7.268745] systemd[1]: Installed transient /etc/machine-id file.
[    7.619087] systemd[1]: Reached target User and Group Name Lookups.
[[0;32m  OK  [0m] Reached target User and Group Name Lookups.
[    7.624083] systemd[1]: Created slice System Slice.
[[0;32m  OK  [0m] Created slice System Slice.
[    7.636502] systemd[1]: Listening on Journal Audit Socket.
[[0;32m  OK  [0m] Listening on Journal Audit Socket.
[    7.639886] systemd[1]: Listening on LVM2 metadata daemon socket.
[[0;32m  OK  [0m] Listening on LVM2 metadata daemon socket.
[[0;32m  OK  [0m] Listening on udev Control Socket.
[[0;32m  OK  [0m] Listening on LVM2 poll daemon socket.
[[0;32m  OK  [0m] Listening on fsck to fsckd communication Socket.
[[0;32m  OK  [0m] Created slice User and Session Slice.
[[0;32m  OK  [0m] Set up automount Arbitrary Executabâ€¦rmats File System Automount Point.
[[0;32m  OK  [0m] Listening on Device-mapper event daemon FIFOs.
[[0;32m  OK  [0m] Reached target System Time Synchronized.
[[0;32m  OK  [0m] Listening on Journal Socket.
         Mounting Kernel Debug File System...
         Starting Create list of required stâ€¦ce nodes for the current kernel...
         Starting Monitoring of LVM2 mirrorsâ€¦ng dmeventd or progress polling...
         Mounting Huge Pages File System...
[[0;32m  OK  [0m] Listening on /dev/initctl Compatibility Named Pipe.
[[0;32m  OK  [0m] Reached target Slices.
         Starting File System Check on Root Device...
[[0;32m  OK  [0m] Started Forward Password Requests to Wall Directory Watch.
[[0;32m  OK  [0m] Reached target Swap.
[[0;32m  OK  [0m] Listening on Network Service Netlink Socket.
[[0;32m  OK  [0m] Listening on udev Kernel Socket.
         Starting udev Coldplug all Devices...
[[0;32m  OK  [0m] Listening on Journal Socket (/dev/log).
         Starting Set the console keyboard layout...
         Starting Load Kernel Modules...
         Mounting POSIX Message Queue File System...
         Starting Uncomplicated firewall...
[[0;32m  OK  [0m] Listening on Syslog Socket.
         Starting Journal Service...
[[0;32m  OK  [0m] Created slice system-serial\x2dgetty.slice.
[[0;32m  OK  [0m] Mounted Kernel Debug File System.
[[0;32m  OK  [0m] Started Create list of required staâ€¦vice nodes for the current kernel.
[[0;32m  OK  [0m] Mounted Huge Pages File System.
[[0;32m  OK  [0m] Mounted POSIX Message Queue File System.
[[0;32m  OK  [0m] Started LVM2 metadata daemon.
[[0;32m  OK  [0m] Started File System Check Daemon to report status.
         Starting Create Static Device Nodes in /dev...
[[0;32m  OK  [0m] Started File System Check on Root Device.
[[0;32m  OK  [0m] Started Uncomplicated firewall.
         Starting Remount Root and Kernel File Systems...
[    7.885772] Loading iSCSI transport class v2.0-870.
[[0;32m  OK  [0m] Started Journal Service.
[[0;32m  OK  [0m] Started udev Coldplug all Devices.
[[0;32m  OK  [0m] Started Create Static Device Nodes in /dev.
[    7.948976] iscsi: registered transport (tcp)
[    7.977719] iscsi: registered transport (iser)
[[0;32m  OK  [0m] Started Load Kernel Modules.
         Mounting FUSE Control File System...
         Mounting Kernel Configuration File System...
         Starting Apply Kernel Variables...
[[0;32m  OK  [0m] Mounted FUSE Control File System.
[[0;32m  OK  [0m] Mounted Kernel Configuration File System.
[    8.001602] EXT4-fs (sda1): re-mounted. Opts: (null)
[[0;32m  OK  [0m] Started Remount Root and Kernel File Systems.
         Starting udev Kernel Device Manager...
         Starting Load/Save Random Seed...
         Starting Flush Journal to Persistent Storage...
[[0;32m  OK  [0m] Started Monitoring of LVM2 mirrors,â€¦sing dmeventd or progress polling.
[[0;32m  OK  [0m] Started udev Kernel Device Manager.
[[0;32m  OK  [0m] Started Load/Save Random Seed.
[[0;32m  OK  [0m] Started Apply Kernel Variables.
[[0;32m  OK  [0m] Started Set the console keyboard layout.
[[0;32m  OK  [0m] Started Flush Journal to Persistent Storage.
[[0;32m  OK  [0m] Started Dispatch Password Requests to Console Directory Watch.
[[0;32m  OK  [0m] Reached target Local Encrypted Volumes.
[[0;32m  OK  [0m] Reached target Local File Systems (Pre).
[[0;32m  OK  [0m] Reached target Local File Systems.
         Starting Create Volatile Files and Directories...
         Starting Set console font and keymap...
         Starting AppArmor initialization...
         Starting Tell Plymouth To Write Out Runtime Data...
         Starting ebtables ruleset management...
         Starting Commit a transient machine-id on disk...
[[0;32m  OK  [0m] Started Create Volatile Files and Directories.
[[0;32m  OK  [0m] Started Set console font and keymap.
         Starting Update UTMP about System Boot/Shutdown...
[[0;32m  OK  [0m] Started Tell Plymouth To Write Out Runtime Data.
[[0;32m  OK  [0m] Started Update UTMP about System Boot/Shutdown.
[[0;32m  OK  [0m] Started Commit a transient machine-id on disk.
[[0;32m  OK  [0m] Started ebtables ruleset management.
[[0;32m  OK  [0m] Found device /dev/ttyS0.
[[0;32m  OK  [0m] Listening on Load/Save RF Kill Switch Status /dev/rfkill Watch.
[[0;32m  OK  [0m] Started AppArmor initialization.
         Starting Load AppArmor profiles managed internally by snapd...
         Starting Initial cloud-init job (pre-networking)...
[[0;32m  OK  [0m] Started Load AppArmor profiles managed internally by snapd.
[   11.079079] cloud-init[581]: Cloud-init v. 21.3-1-g6803368d-0ubuntu1~18.04.4 running 'init-local' at Tue, 04 Jan 2022 04:48:03 +0000. Up 10.59 seconds.
[[0;32m  OK  [0m] Started Initial cloud-init job (pre-networking).
[[0;32m  OK  [0m] Reached target Network (Pre).
         Starting Network Service...
[[0;32m  OK  [0m] Started Network Service.
         Starting Network Name Resolution...
         Starting Wait for Network to be Configured...
[[0;32m  OK  [0m] Started Network Name Resolution.
[[0;32m  OK  [0m] Reached target Network.
[[0;32m  OK  [0m] Reached target Host and Network Name Lookups.
[[0;32m  OK  [0m] Started Wait for Network to be Configured.
         Starting Initial cloud-init job (metadata service crawler)...
[   13.390758] cloud-init[678]: Cloud-init v. 21.3-1-g6803368d-0ubuntu1~18.04.4 running 'init' at Tue, 04 Jan 2022 04:48:05 +0000. Up 13.15 seconds.
[   13.395034] cloud-init[678]: ci-info: ++++++++++++++++++++++++++++++++++++++Net device info+++++++++++++++++++++++++++++++++++++++
[   13.397286] cloud-init[678]: ci-info: +--------+-------+----------------------------+---------------+--------+-------------------+
[   13.412372] cloud-init[678]: ci-info: | Device |   Up  |          Address           |      Mask     | Scope  |     Hw-Address    |
[   13.424281] cloud-init[678]: ci-info: +--------+-------+----------------------------+---------------+--------+-------------------+
[   13.426240] cloud-init[678]: ci-info: | enp0s3 |  True |         10.0.2.15          | 255.255.255.0 | global | 02:75:2e:1a:60:96 |
[   13.428151] cloud-init[678]: ci-info: | enp0s3 |  True | fe80::75:2eff:fe1a:6096/64 |       .       |  link  | 02:75:2e:1a:60:96 |
[   13.430293] cloud-init[678]: ci-info: | enp0s8 | False |             .              |       .       |   .    | 08:00:27:52:90:e5 |
[   13.432197] cloud-init[678]: ci-info: |   lo   |  True |         127.0.0.1          |   255.0.0.0   |  host  |         .         |
[   13.434011] cloud-init[678]: ci-info: |   lo   |  True |          ::1/128           |       .       |  host  |         .         |
[   13.451130] cloud-init[678]: ci-info: +--------+-------+----------------------------+---------------+--------+-------------------+
[   13.453247] cloud-init[678]: ci-info: ++++++++++++++++++++++++++++Route IPv4 info+++++++++++++++++++++++++++++
[   13.464282] cloud-init[678]: ci-info: +-------+-------------+----------+-----------------+-----------+-------+
[   13.465598] cloud-init[678]: ci-info: | Route | Destination | Gateway  |     Genmask     | Interface | Flags |
[   13.466809] cloud-init[678]: ci-info: +-------+-------------+----------+-----------------+-----------+-------+
[   13.468287] cloud-init[678]: ci-info: |   0   |   0.0.0.0   | 10.0.2.2 |     0.0.0.0     |   enp0s3  |   UG  |
[   13.470520] cloud-init[678]: ci-info: |   1   |   10.0.2.0  | 0.0.0.0  |  255.255.255.0  |   enp0s3  |   U   |
[   13.472647] cloud-init[678]: ci-info: |   2   |   10.0.2.2  | 0.0.0.0  | 255.255.255.255 |   enp0s3  |   UH  |
[   13.474425] cloud-init[678]: ci-info: +-------+-------------+----------+-----------------+-----------+-------+
[   13.475820] cloud-init[678]: ci-info: +++++++++++++++++++Route IPv6 info+++++++++++++++++++
[   13.476838] cloud-init[678]: ci-info: +-------+-------------+---------+-----------+-------+
[   13.478256] cloud-init[678]: ci-info: | Route | Destination | Gateway | Interface | Flags |
[   13.479654] cloud-init[678]: ci-info: +-------+-------------+---------+-----------+-------+
[   13.480949] cloud-init[678]: ci-info: |   1   |  fe80::/64  |    ::   |   enp0s3  |   U   |
[   13.482020] cloud-init[678]: ci-info: |   3   |    local    |    ::   |   enp0s3  |   U   |
[   13.482928] cloud-init[678]: ci-info: |   4   |   ff00::/8  |    ::   |   enp0s3  |   U   |
[   13.484353] cloud-init[678]: ci-info: +-------+-------------+---------+-----------+-------+
[   14.699415] cloud-init[678]: Generating public/private rsa key pair.
[   14.702147] cloud-init[678]: Your identification has been saved in /etc/ssh/ssh_host_rsa_key.
[   14.705970] cloud-init[678]: Your public key has been saved in /etc/ssh/ssh_host_rsa_key.pub.
[   14.707169] cloud-init[678]: The key fingerprint is:
[   14.707863] cloud-init[678]: SHA256:0enBaNMWdQ+LVwuTJfpS0TVR/XB1rb/xL8YphG9TRFg root@ubuntu-bionic
[   14.708907] cloud-init[678]: The key's randomart image is:
[   14.709721] cloud-init[678]: +---[RSA 2048]----+
[   14.710390] cloud-init[678]: |          ...BE+&|
[   14.711177] cloud-init[678]: |         = oo+B*B|
[   14.711876] cloud-init[678]: |        = B..oo=o|
[   14.712645] cloud-init[678]: |       . = .o.o .|
[   14.713424] cloud-init[678]: |        S .o o . |
[   14.714164] cloud-init[678]: |          . o ...|
[   14.715061] cloud-init[678]: |           o o .+|
[   14.715916] cloud-init[678]: |            = =..|
[   14.716655] cloud-init[678]: |           . + .o|
[   14.717377] cloud-init[678]: +----[SHA256]-----+
[   14.718108] cloud-init[678]: Generating public/private dsa key pair.
[   14.719041] cloud-init[678]: Your identification has been saved in /etc/ssh/ssh_host_dsa_key.
[   14.720374] cloud-init[678]: Your public key has been saved in /etc/ssh/ssh_host_dsa_key.pub.
[   14.721408] cloud-init[678]: The key fingerprint is:
[   14.722104] cloud-init[678]: SHA256:clUNtH+sdadx+Knx3GENZG1rXUSZuavFYm8uUnDJqYs root@ubuntu-bionic
[   14.723209] cloud-init[678]: The key's randomart image is:
[   14.724206] cloud-init[678]: +---[DSA 1024]----+
[   14.724903] cloud-init[678]: |           .+o .*|
[   14.725639] cloud-init[678]: |           . ..* |
[   14.726253] cloud-init[678]: |          . o = =|
[   14.726993] cloud-init[678]: |         . . O =+|
[   14.727598] cloud-init[678]: |      . S   + *oX|
[   14.728345] cloud-init[678]: |       o   . +.&=|
[   14.729013] cloud-init[678]: |          . +.B+o|
[   14.729701] cloud-init[678]: |         E o o*oo|
[   14.730406] cloud-init[678]: |            ..++.|
[   14.731157] cloud-init[678]: +----[SHA256]-----+
[   14.731775] cloud-init[678]: Generating public/private ecdsa key pair.
[   14.732624] cloud-init[678]: Your identification has been saved in /etc/ssh/ssh_host_ecdsa_key.
[   14.733577] cloud-init[678]: Your public key has been saved in /etc/ssh/ssh_host_ecdsa_key.pub.
[   14.734641] cloud-init[678]: The key fingerprint is:
[   14.735400] cloud-init[678]: SHA256:rGR24PGc7vHfE7w7B6Cp6dkd+lZzQ6g7PF9K4c+wcVY root@ubuntu-bionic
[   14.748326] cloud-init[678]: The key's randomart image is:
[   14.749337] cloud-init[678]: +---[ECDSA 256]---+
[   14.750253] cloud-init[678]: |                 |
[   14.751474] cloud-init[678]: |                 |
[   14.752923] cloud-init[678]: |      o       .  |
[   14.754102] cloud-init[678]: |     . * .  .. . |
[   14.764645] cloud-init[678]: |      = S  o.+. E|
[   14.766257] cloud-init[678]: |     + +  o.. B.o|
[[0;32m  OK  [0m] Started Initial cloud-init job (metadata service crawler).
[   14.777080] cloud-init[678]: |      . oo. o* X.|
[   14.778208] cloud-init[678]: |       .o= Boo# .|
[   14.778904] cloud-init[678]: |       .+ ++B+oB |
[[0;32m  OK  [0m] Reached target System Initialization.
[   14.795867] cloud-init[678]: +----[SHA256]-----+
[   14.798084] cloud-init[678]: Generating public/private ed25519 key pair.
[   14.799324] cloud-init[678]: Your identification has been saved in /etc/ssh/ssh_host_ed25519_key.
[   14.801307] cloud-init[678]: Your public key has been saved in /etc/ssh/ssh_host_ed25519_key.pub.
[[   14.803021] cloud-init[678]: The key fingerprint is:
[   14.803102] cloud-init[678]: SHA256:f5q4z+poAh6nkRV9BgfEOKnvobcqS071tpyavlzsfTI root@ubuntu-bionic
[   14.803205] cloud-init[678]: The key's randomart image is:
[   14.803507] cloud-init[678]: +--[ED25519 256]--+
[   14.804090] cloud-init[678]: |     *+o.        |
[   14.804392] cloud-init[678]: |    = o.o        |
[   14.804496] cloud-init[678]: |   . o o         |
[   14.805224] cloud-init[678]: |  . .            |
[   14.805807] cloud-init[678]: |   =    S        |
[   14.806377] cloud-init[678]: |  * *    .       |
[   14.806769] cloud-init[678]: | + O *    . .    |
[   14.807167] cloud-init[678]: |= = X =E + +     |
[   14.807582] cloud-init[678]: |.+oO+O.oO+=      |
[   14.807983] cloud-init[678]: +----[SHA256]-----+
[0;32m  OK  [0m] Started Message of the Day.
[[0;32m  OK  [0m] Started ACPI Events Check.
[[0;32m  OK  [0m] Listening on UUID daemon activation socket.
[[0;32m  OK  [0m] Started Trigger to poll for Ubuntu â€¦(Only enabled on GCP LTS non-pro).
[[0;32m  OK  [0m] Started Ubuntu Advantage Timer for running repeated jobs.
[[0;32m  OK  [0m] Listening on Open-iSCSI iscsid Socket.
         Starting LXD - unix socket.
[[0;32m  OK  [0m] Listening on D-Bus System Message Bus Socket.
[[0;32m  OK  [0m] Started Discard unused blocks once a week.
         Starting Socket activation for snappy daemon.
[[0;32m  OK  [0m] Listening on ACPID Listen Socket.
[[0;32m  OK  [0m] Listening on cloud-init hotplug hook socket.
[[0;32m  OK  [0m] Reached target Paths.
[[0;32m  OK  [0m] Started Daily Cleanup of Temporary Directories.
[[0;32m  OK  [0m] Started Daily apt download activities.
[[0;32m  OK  [0m] Started Daily apt upgrade and clean activities.
[[0;32m  OK  [0m] Reached target Timers.
[[0;32m  OK  [0m] Reached target Cloud-config availability.
[[0;32m  OK  [0m] Reached target Network is Online.
[[0;32m  OK  [0m] Reached target Remote File Systems (Pre).
[[0;32m  OK  [0m] Reached target Remote File Systems.
         Starting Availability of block devices...
[[0;32m  OK  [0m] Listening on LXD - unix socket.
[[0;32m  OK  [0m] Listening on Socket activation for snappy daemon.
[[0;32m  OK  [0m] Started Availability of block devices.
[[0;32m  OK  [0m] Reached target Sockets.
[[0;32m  OK  [0m] Reached target Basic System.
[[0;32m  OK  [0m] Started D-Bus System Message Bus.
[[0;32m  OK  [0m] Started Deferred execution scheduler.
         Starting Login Service...
[[0;32m  OK  [0m] Started irqbalance daemon.
         Starting LSB: automatic crash report generation...
         Starting LXD - container startup/shutdown...
[[0;32m  OK  [0m] Started FUSE filesystem for LXC.
         Starting Dispatcher daemon for systemd-networkd...
         Starting Snap Daemon...
         Starting Permit User Sessions...
         Starting LSB: Record successful boot for GRUB...
         Starting Virtualbox guest utils...
         Starting Pollinate to seed the pseudo random number generator...
         Starting Accounts Service...
[[0;32m  OK  [0m] Started Regular background program processing daemon.
         Starting System Logging Service...
[[0;32m  OK  [0m] Started Permit User Sessions.
[[0;32m  OK  [0m] Started Login Service.
[[0;32m  OK  [0m] Started Unattended Upgrades Shutdown.
         Starting Terminate Plymouth Boot Screen...
         Starting Hold until boot process finishes up...
[[0;32m  OK  [0m] Started Hold until boot process finishes up.
[[0;32m  OK  [0m] Started Serial Getty on ttyS0.
         Starting Set console scheme...
[[0;32m  OK  [0m] Started Terminate Plymouth Boot Screen.
[[0;32m  OK  [0m] Started System Logging Service.
[[0;32m  OK  [0m] Started Set console scheme.
[[0;32m  OK  [0m] Created slice system-getty.slice.
[[0;32m  OK  [0m] Started Getty on tty1.
[[0;32m  OK  [0m] Reached target Login Prompts.
[[0;32m  OK  [0m] Started LSB: Record successful boot for GRUB.
[[0;32m  OK  [0m] Started LSB: automatic crash report generation.
[[0;32m  OK  [0m] Started LXD - container startup/shutdown.
         Starting Authorization Manager...
[[0;32m  OK  [0m] Started Virtualbox guest utils.
[[0;32m  OK  [0m] Started Authorization Manager.
[[0;32m  OK  [0m] Started Accounts Service.
[[0;32m  OK  [0m] Started Dispatcher daemon for systemd-networkd.
[[0;32m  OK  [0m] Started Snap Daemon.
         Starting Wait until snapd is fully seeded...
[[0;32m  OK  [0m] Started Pollinate to seed the pseudo random number generator.
         Starting OpenBSD Secure Shell server...
[[0;32m  OK  [0m] Started OpenBSD Secure Shell server.
[[0;32m  OK  [0m] Created slice User Slice of vagrant.
         Starting User Manager for UID 1000...
[[0;32m  OK  [0m] Started Session 1 of user vagrant.
[[0;32m  OK  [0m] Started User Manager for UID 1000.
[[0;32m  OK  [0m] Started Wait until snapd is fully seeded.
         Starting Apply the settings specified in cloud-config...
[[0;32m  OK  [0m] Reached target Multi-User System.
[[0;32m  OK  [0m] Reached target Graphical Interface.
         Starting Update UTMP about System Runlevel Changes...
[[0;32m  OK  [0m] Started Update UTMP about System Runlevel Changes.
[   19.776624] cloud-init[1222]: Cloud-init v. 21.3-1-g6803368d-0ubuntu1~18.04.4 running 'modules:config' at Tue, 04 Jan 2022 04:48:11 +0000. Up 19.10 seconds.
[[0;32m  OK  [0m] Started Apply the settings specified in cloud-config.
         Starting Execute cloud user/final scripts...
ci-info: no authorized SSH keys fingerprints found for user ubuntu.
<14>Jan  4 04:48:13 cloud-init: #############################################################
<14>Jan  4 04:48:13 cloud-init: -----BEGIN SSH HOST KEY FINGERPRINTS-----
<14>Jan  4 04:48:13 cloud-init: 1024 SHA256:clUNtH+sdadx+Knx3GENZG1rXUSZuavFYm8uUnDJqYs root@ubuntu-bionic (DSA)
<14>Jan  4 04:48:13 cloud-init: 256 SHA256:rGR24PGc7vHfE7w7B6Cp6dkd+lZzQ6g7PF9K4c+wcVY root@ubuntu-bionic (ECDSA)
<14>Jan  4 04:48:13 cloud-init: 256 SHA256:f5q4z+poAh6nkRV9BgfEOKnvobcqS071tpyavlzsfTI root@ubuntu-bionic (ED25519)
<14>Jan  4 04:48:13 cloud-init: 2048 SHA256:0enBaNMWdQ+LVwuTJfpS0TVR/XB1rb/xL8YphG9TRFg root@ubuntu-bionic (RSA)
<14>Jan  4 04:48:13 cloud-init: -----END SSH HOST KEY FINGERPRINTS-----
<14>Jan  4 04:48:13 cloud-init: #############################################################
-----BEGIN SSH HOST KEY KEYS-----
ecdsa-sha2-nistp256 AAAAE2VjZHNhLXNoYTItbmlzdHAyNTYAAAAIbmlzdHAyNTYAAABBBOiMQxpZI3RWF7uG2oZMtTCXORDKryc9BiRCe3550Lx85PT6VM7QFjQ476QoSBLxQ7gja8egJ0nFfOreKYiwqs0= root@ubuntu-bionic
ssh-ed25519 AAAAC3NzaC1lZDI1NTE5AAAAIGXkakpOrcwwg+GMd9d9ncowC6wZovSBrLVqCndgW4vq root@ubuntu-bionic
ssh-rsa AAAAB3NzaC1yc2EAAAADAQABAAABAQC2wYSJ1USlRYvuYiRzoKy3MggNRpZEJSoOmdVVBFujzcaxMN1Mry9/qWJmZYK9RMPPSAhJI4UFf810pmhup81knxNqsnVTS4tloiCbV+Y+UjX5v0ogEMjSQunhQeCjIgi7UHIPT5G7uEZtI+9ZnsU30Va74QJ/NegK1F9Rb5+UstTTBmoDDUHIDOQKUBfD+TMDy2jbydRZguBigGmvNFn7H6gIiy1DD7WNqnKw56xnkNE36boGv8YavsQbL2Xrh67MR6cFXoOXe310zPL0B5+LKcTG3+SzMevArkwskEN2NFoYBiHSuYlSPZpW6PgWnzSUDZ/uS7vYwtVZyiXRbUJ7 root@ubuntu-bionic
-----END SSH HOST KEY KEYS-----
[   20.740206] cloud-init[1349]: Cloud-init v. 21.3-1-g6803368d-0ubuntu1~18.04.4 running 'modules:final' at Tue, 04 Jan 2022 04:48:13 +0000. Up 20.49 seconds.
[   20.740612] cloud-init[1349]: ci-info: no authorized SSH keys fingerprints found for user ubuntu.
[   20.741304] cloud-init[1349]: Cloud-init v. 21.3-1-g6803368d-0ubuntu1~18.04.4 finished at Tue, 04 Jan 2022 04:48:13 +0000. Datasource DataSourceNoCloud [seed=/dev/sdb][dsmode=net].  Up 20.72 seconds

Ubuntu 18.04.6 LTS ubuntu-bionic ttyS0

ubuntu-bionic login: 